// Jest Snapshot v1, https://goo.gl/fbAQLP

exports[`DetailsTab component renders correctly 1`] = `
<div
  className="movie-card__text movie-card__row"
>
  <div
    className="movie-card__text-col"
  >
    <p
      className="movie-card__details-item"
    >
      <strong
        className="movie-card__details-name"
      >
        Director
      </strong>
      <span
        className="movie-card__details-value"
      >
        David Yates
      </span>
    </p>
    <p
      className="movie-card__details-item"
    >
      <strong
        className="movie-card__details-name"
      >
        Starring
      </strong>
      <span
        className="movie-card__details-value"
      >
        <span>
          Johnny Depp
           
          <br />
        </span>
        <span>
          Eddie Redmayne
           
          <br />
        </span>
        <span>
          Kevin Guthrie
           
          <br />
        </span>
        <span>
          Carmen Ejogo
           
          <br />
        </span>
        <span>
          Wolf Roth
           
          <br />
        </span>
        <span>
          Eddie Redmayne
           
          <br />
        </span>
        <span>
          ZoÃ« Kravitz
           
          <br />
        </span>
        <span>
          Callum Turner
           
          <br />
        </span>
        <span>
          Derek Riddell
           
          <br />
        </span>
        <span>
          Cornell John
           
          <br />
        </span>
        <span>
          Ezra Miller
           
          <br />
        </span>
      </span>
    </p>
  </div>
  <div
    className="movie-card__text-col"
  >
    <p
      className="movie-card__details-item"
    >
      <strong
        className="movie-card__details-name"
      >
        Run Time
      </strong>
      <span
        className="movie-card__details-value"
      >
        1h 51m
      </span>
    </p>
    <p
      className="movie-card__details-item"
    >
      <strong
        className="movie-card__details-name"
      >
        Genre
      </strong>
      <span
        className="movie-card__details-value"
      >
        Adventure
      </span>
    </p>
    <p
      className="movie-card__details-item"
    >
      <strong
        className="movie-card__details-name"
      >
        Released
      </strong>
      <span
        className="movie-card__details-value"
      >
        2018
      </span>
    </p>
  </div>
</div>
`;
